// Jest Snapshot v1, https://goo.gl/fbAQLP

exports[`should render LoginPage component correctly 1`] = `
<div
  className="box-layout"
>
  <div
    className="box-layout__box"
  >
    <h1
      className="box-layout__box__title"
    >
      Control expenses!
    </h1>
    <p>
      You don't know where your money disappears? Try this app to have control over them!
    </p>
    <button
      className="button"
    >
      Login with Google
    </button>
  </div>
</div>
`;
